// Jest Snapshot v1, https://goo.gl/fbAQLP

exports[`snapshot 1`] = `
<section
  className="mt-16 md:mt-32"
>
  <p>
    Hello World
  </p>
</section>
`;
